// Jest Snapshot v1, https://goo.gl/fbAQLP

exports[`ContadorHook tests should match snapshot 1`] = `
<div>
  <div>
    <h2>
      Contador Hook
    </h2>
    <h3
      data-testid="counter-text"
    >
      0
    </h3>
    <button
      data-testid="button-increment"
    >
      +1
    </button>
  </div>
</div>
`;
